// Vitest Snapshot v1, https://vitest.dev/guide/snapshot.html

exports[`CapabilityRegistry.toolDescriptionAdvisory — PR-SR1-3 + SR-5 PR-SR5-1 snapshot pin > returns the bit-equal advisory text (snapshot pin) 1`] = `""Issue #296: entities[].capabilities (when present) advises executor selection. preferredExecutors[0] is the executor most likely to succeed; if unsupportedExecutors contains 'uia', go straight to mouse_click instead of click_element (saves a InvokePatternNotSupported round-trip on ListItem / TabItem / custom-drawn controls). When preferredExecutors contains 'keyboard' (e.g. ['uia','keyboard'] on text inputs), the 'keyboard' executor injects WM_CHAR directly to the focused control without focus-steal, useful when UIA setValue fails on RichEdit/Document controls with unstable locators.""`;
