// Vitest Snapshot v1, https://vitest.dev/guide/snapshot.html

exports[`CapabilityRegistry.toolDescriptionAdvisory — PR-SR1-3 snapshot pin > returns the bit-equal advisory text (snapshot pin) 1`] = `""Issue #296: entities[].capabilities (when present) advises executor selection. preferredExecutors[0] is the executor most likely to succeed; if unsupportedExecutors contains 'uia', go straight to mouse_click instead of click_element (saves a InvokePatternNotSupported round-trip on ListItem / TabItem / custom-drawn controls).""`;
